Loading chain_audit_features_pisces_consistent.csv ...
Angle: angle_C_CA_CB  (circular=False)
  1,443,826 residues (18 standard types, GLY/PRO excluded)

==============================================================================
Global Δangle_C_CA_CB in canonical regions (all 18 residues pooled)
==============================================================================
  α     Δ =  +0.260° ± 0.0019°  (n=558,268)  → sign = +
  β     Δ =  -0.446° ± 0.0029°  (n=325,939)  → sign = −
  PPII  Δ =  -0.391° ± 0.0046°  (n=115,304)  → sign = −
  αL    Δ =  +0.825° ± 0.0095°  (n=25,037)  → sign = +

==============================================================================
Δangle_C_CA_CB per residue × region (vs that residue's median)
==============================================================================
  res      median              α             β          PPII            αL
  ----------------------------------------------------------------------------
  ALA     110.319   +0.179±0.003  -0.253±0.008  -0.409±0.009  +0.831±0.027
  ARG     110.225   +0.180±0.008  -0.436±0.013  -0.328±0.020  +1.163±0.039
  ASN     110.491   -0.115±0.013  -0.447±0.019  -0.664±0.027  +0.445±0.017
  ASP     110.294   -0.424±0.010  +0.004±0.017  -0.696±0.022  +0.720±0.024
  CYS     110.088   +0.178±0.019  -0.447±0.025  -0.458±0.040  +0.542±0.083
  GLN     110.207   +0.203±0.009  -0.457±0.017  -0.344±0.024  +1.193±0.044
  GLU     110.262   +0.188±0.007  -0.494±0.014  -0.330±0.018  +1.055±0.040
  HIS     110.297   +0.235±0.015  -0.583±0.021  -0.346±0.030  +0.828±0.042
  ILE     110.845   +0.542±0.008  -0.573±0.009  -0.170±0.020  +0.892±0.255
  LEU     110.138   +0.321±0.005  -0.556±0.008  -0.502±0.012  +1.089±0.045
  LYS     110.195   +0.216±0.007  -0.422±0.013  -0.295±0.017  +1.115±0.031
  MET     110.166   +0.217±0.013  -0.518±0.021  -0.450±0.033  +1.075±0.093
  PHE     110.285   +0.293±0.010  -0.674±0.013  -0.667±0.023  +1.133±0.054
  SER     109.951   +0.372±0.008  -0.198±0.013  -0.411±0.015  +0.853±0.037
  THR     109.882   +0.774±0.010  -0.023±0.011  -0.005±0.021  +1.770±0.158
  TRP     110.280   +0.391±0.015  -0.792±0.024  -0.819±0.033  +1.131±0.097
  TYR     110.228   +0.348±0.010  -0.685±0.014  -0.545±0.024  +1.075±0.061
  VAL     110.724   +0.570±0.007  -0.458±0.007  -0.063±0.015  +1.564±0.162

==============================================================================
SIGN AGREEMENT vs global signs
==============================================================================
  α     global sign = +   agree: 16/18  disagree:  2  n_too_small: 0
        disagreeing: ASN(-0.11), ASP(-0.42)
  β     global sign = −   agree: 17/18  disagree:  1  n_too_small: 0
        disagreeing: ASP(+0.00)
  PPII  global sign = −   agree: 18/18  disagree:  0  n_too_small: 0
  αL    global sign = +   agree: 18/18  disagree:  0  n_too_small: 0

==============================================================================
VERDICT
==============================================================================
  Overall agreement: 69/72 (95.8%)
  → STRONG: angle_C_CA_CB deformation is a universal mechanical response.

Generating paper2_pisces_rerun/figures/02_angle_C_CA_CB.png ...
  Auto color limit: ±5.0°
Figure saved: paper2_pisces_rerun/figures/02_angle_C_CA_CB.png
