Loading chain_audit_features_pisces_consistent.csv ...
Angle: angle_N_CA_CB  (circular=False)
  1,443,826 residues (18 standard types, GLY/PRO excluded)

==============================================================================
Global Δangle_N_CA_CB in canonical regions (all 18 residues pooled)
==============================================================================
  α     Δ =  -0.062° ± 0.0016°  (n=558,268)  → sign = −
  β     Δ =  +0.163° ± 0.0023°  (n=325,939)  → sign = +
  PPII  Δ =  -0.182° ± 0.0038°  (n=115,304)  → sign = −
  αL    Δ =  +0.466° ± 0.0079°  (n=25,037)  → sign = +

==============================================================================
Δangle_N_CA_CB per residue × region (vs that residue's median)
==============================================================================
  res      median              α             β          PPII            αL
  ----------------------------------------------------------------------------
  ALA     110.357   +0.011±0.003  +0.338±0.008  -0.116±0.008  +0.508±0.029
  ARG     110.544   -0.056±0.006  +0.264±0.011  -0.181±0.016  +0.588±0.029
  ASN     110.564   +0.098±0.009  -0.073±0.015  -0.248±0.022  +0.345±0.015
  ASP     110.588   +0.163±0.007  -0.338±0.015  -0.271±0.017  +0.288±0.020
  CYS     110.587   -0.052±0.016  +0.017±0.020  -0.246±0.034  +0.476±0.075
  GLN     110.510   +0.004±0.007  +0.214±0.013  -0.183±0.020  +0.524±0.031
  GLU     110.485   -0.010±0.005  +0.242±0.011  -0.096±0.014  +0.472±0.033
  HIS     110.455   -0.103±0.013  +0.134±0.016  -0.242±0.025  +0.623±0.036
  ILE     111.280   -0.305±0.006  +0.276±0.007  -0.352±0.015  +1.275±0.216
  LEU     110.411   +0.002±0.004  +0.084±0.007  -0.131±0.010  +0.762±0.046
  LYS     110.489   -0.059±0.006  +0.231±0.010  -0.075±0.014  +0.597±0.025
  MET     110.554   +0.011±0.011  +0.151±0.018  -0.172±0.027  +0.464±0.069
  PHE     110.599   -0.171±0.009  +0.122±0.010  -0.073±0.018  +0.561±0.045
  SER     110.515   +0.039±0.007  +0.132±0.011  -0.107±0.013  +0.484±0.033
  THR     111.107   -0.363±0.009  +0.189±0.009  -0.248±0.019  +0.807±0.131
  TRP     110.508   -0.108±0.014  +0.108±0.018  -0.130±0.025  +0.666±0.078
  TYR     110.561   -0.155±0.010  +0.145±0.010  -0.110±0.019  +0.667±0.048
  VAL     111.419   -0.266±0.006  +0.189±0.006  -0.403±0.014  +1.065±0.129

==============================================================================
SIGN AGREEMENT vs global signs
==============================================================================
  α     global sign = −   agree: 11/18  disagree:  7  n_too_small: 0
  β     global sign = +   agree: 16/18  disagree:  2  n_too_small: 0
        disagreeing: ASN(-0.07), ASP(-0.34)
  PPII  global sign = −   agree: 18/18  disagree:  0  n_too_small: 0
  αL    global sign = +   agree: 18/18  disagree:  0  n_too_small: 0

==============================================================================
VERDICT
==============================================================================
  Overall agreement: 63/72 (87.5%)
  → STRONG: angle_N_CA_CB deformation is a universal mechanical response.

Generating paper2_pisces_rerun/figures/02_angle_N_CA_CB.png ...
  Auto color limit: ±4.0°
Figure saved: paper2_pisces_rerun/figures/02_angle_N_CA_CB.png
