Loading chain_audit_features_pisces_consistent.csv ...
Angle: omega_measured_deg  (circular=True)
  1,443,847 residues (18 standard types, GLY/PRO excluded)

==============================================================================
Global Δomega_measured_deg in canonical regions (all 18 residues pooled)
==============================================================================
  α     Δ =  +0.405° ± 0.0054°  (n=558,279)  → sign = +
  β     Δ =  -1.406° ± 0.0247°  (n=325,941)  → sign = −
  PPII  Δ =  -1.506° ± 0.0442°  (n=115,295)  → sign = −
  αL    Δ =  -1.058° ± 0.0487°  (n=25,043)  → sign = −

==============================================================================
Δomega_measured_deg per residue × region (vs that residue's circular median)
==============================================================================
  res      median              α             β          PPII            αL
  ----------------------------------------------------------------------------
  ALA     179.234   +0.482±0.013  -1.685±0.105  -2.645±0.156  -0.311±0.157
  ARG     179.404   +0.566±0.021  -1.648±0.104  -1.291±0.172  -0.983±0.226
  ASN     179.779   -0.658±0.030  -0.263±0.187  -0.944±0.247  -1.378±0.107
  ASP    -179.822   -0.430±0.023  +0.258±0.144  -1.523±0.142  -1.700±0.099
  CYS     179.154   +0.320±0.058  -1.428±0.203  -1.563±0.384  -0.178±0.352
  GLN     179.196   +0.266±0.023  -1.543±0.151  -1.247±0.249  -0.777±0.190
  GLU     179.263   +0.257±0.018  -1.446±0.144  -1.182±0.204  -1.202±0.238
  HIS     179.518   +0.230±0.041  -1.434±0.152  -0.654±0.285  -1.149±0.218
  ILE     179.294   +0.431±0.021  -0.949±0.052  -0.419±0.119  -2.010±0.983
  LEU     179.039   +0.353±0.016  -1.680±0.067  -1.844±0.120  -0.025±0.218
  LYS     179.481   +0.565±0.020  -1.691±0.113  -1.488±0.198  -1.019±0.141
  MET     178.838   +0.426±0.037  -1.897±0.157  -1.683±0.226  +0.337±0.366
  PHE     179.339   +0.817±0.027  -2.055±0.111  -2.162±0.225  -1.059±0.226
  SER     178.745   +0.757±0.023  -1.300±0.130  -2.130±0.142  +0.322±0.162
  THR     178.827   +0.594±0.025  -1.320±0.089  -0.912±0.152  -0.594±0.582
  TRP     179.200   +0.829±0.042  -2.328±0.277  -2.623±0.362  -1.391±0.433
  TYR     179.312   +0.847±0.030  -2.358±0.130  -1.775±0.301  -1.059±0.340
  VAL     179.113   +0.568±0.022  -1.118±0.048  -0.292±0.096  +0.365±0.582

==============================================================================
SIGN AGREEMENT vs global signs
==============================================================================
  α     global sign = +   agree: 16/18  disagree:  2  n_too_small: 0
        disagreeing: ASN(-0.66), ASP(-0.43)
  β     global sign = −   agree: 17/18  disagree:  1  n_too_small: 0
        disagreeing: ASP(+0.26)
  PPII  global sign = −   agree: 18/18  disagree:  0  n_too_small: 0
  αL    global sign = −   agree: 15/18  disagree:  3  n_too_small: 0
        disagreeing: MET(+0.34), SER(+0.32), VAL(+0.37)

==============================================================================
VERDICT
==============================================================================
  Overall agreement: 66/72 (91.7%)
  → STRONG: omega_measured_deg deformation is a universal mechanical response.

Generating paper2_pisces_rerun/figures/02_omega_measured_deg.png ...
  Auto color limit: ±18.0°
Figure saved: paper2_pisces_rerun/figures/02_omega_measured_deg.png
