Loading chain_audit_features_pisces_consistent.csv ...
Angle: tau_deg  (circular=False)
  1,443,900 residues (18 standard types, GLY/PRO excluded)

==============================================================================
Global Δtau_deg in canonical regions (all 18 residues pooled)
==============================================================================
  α     Δ =  +0.483° ± 0.0020°  (n=558,284)  → sign = +
  β     Δ =  -1.609° ± 0.0037°  (n=325,944)  → sign = −
  PPII  Δ =  -0.813° ± 0.0057°  (n=115,306)  → sign = −
  αL    Δ =  +1.040° ± 0.0113°  (n=25,045)  → sign = +

==============================================================================
Δtau_deg per residue × region (vs that residue's median)
==============================================================================
  res      median              α             β          PPII            αL
  ----------------------------------------------------------------------------
  ALA     111.078   +0.310±0.005  -1.776±0.016  -0.704±0.017  +0.987±0.048
  ARG     111.010   +0.387±0.008  -1.840±0.017  -0.923±0.024  +1.056±0.044
  ASN     111.422   +0.333±0.012  -2.381±0.023  -1.364±0.031  +0.966±0.022
  ASP     111.079   +0.383±0.009  -2.491±0.022  -1.242±0.023  +0.973±0.029
  CYS     110.816   +0.646±0.019  -1.352±0.030  -0.431±0.046  +1.452±0.100
  GLN     111.093   +0.313±0.009  -1.824±0.020  -0.976±0.028  +0.890±0.047
  GLU     111.167   +0.288±0.006  -1.990±0.017  -1.115±0.021  +1.005±0.044
  HIS     111.011   +0.508±0.014  -1.778±0.023  -0.997±0.034  +1.234±0.051
  ILE     109.741   +0.917±0.007  -1.444±0.010  -0.610±0.023  +1.491±0.323
  LEU     110.923   +0.447±0.005  -1.876±0.011  -0.824±0.017  +1.075±0.061
  LYS     111.072   +0.371±0.008  -1.856±0.017  -1.048±0.023  +0.861±0.035
  MET     110.941   +0.434±0.013  -1.651±0.026  -0.726±0.037  +0.972±0.096
  PHE     110.706   +0.561±0.010  -1.354±0.015  -0.645±0.026  +1.619±0.066
  SER     111.187   +0.554±0.009  -1.525±0.017  -0.570±0.019  +1.174±0.048
  THR     110.645   +0.552±0.010  -1.411±0.013  -0.715±0.024  +1.632±0.159
  TRP     110.857   +0.604±0.016  -1.506±0.028  -0.713±0.038  +1.356±0.115
  TYR     110.803   +0.507±0.010  -1.308±0.016  -0.647±0.028  +1.387±0.068
  VAL     109.661   +1.028±0.007  -1.170±0.009  -0.442±0.020  +1.040±0.194

==============================================================================
SIGN AGREEMENT vs global signs
==============================================================================
  α     global sign = +   agree: 18/18  disagree:  0  n_too_small: 0
  β     global sign = −   agree: 18/18  disagree:  0  n_too_small: 0
  PPII  global sign = −   agree: 18/18  disagree:  0  n_too_small: 0
  αL    global sign = +   agree: 18/18  disagree:  0  n_too_small: 0

==============================================================================
VERDICT
==============================================================================
  Overall agreement: 72/72 (100.0%)
  → STRONG: tau_deg deformation is a universal mechanical response.

Generating paper2_pisces_rerun/figures/02_tau_deg.png ...
  Auto color limit: ±7.0°
Figure saved: paper2_pisces_rerun/figures/02_tau_deg.png
