Loading chain_audit_features_pisces_consistent.csv ...
  1,443,900 residues (18 standard types)

==============================================================================
α-region Δ per residue, for each angle
==============================================================================

  res   mass n_heavy  branched         τ Δ        ω Δ   N-Cα-Cβ Δ   C-Cα-Cβ Δ
  --------------------------------------------------------------------------------------------
  ALA     15       1         .      +0.310     +0.482      +0.011      +0.179
  SER     31       2         .      +0.554     +0.757      +0.039      +0.372
  VAL     43       3         Y      +1.028     +0.568      -0.266      +0.570
  THR     45       3         Y      +0.552     +0.594      -0.363      +0.774
  CYS     47       2         .      +0.646     +0.320      -0.052      +0.178
  ILE     57       4         Y      +0.917     +0.431      -0.305      +0.542
  LEU     57       4         .      +0.447     +0.353      +0.002      +0.321
  ASN     58       4         .      +0.333     -0.658      +0.098      -0.115
  ASP     58       4         .      +0.383     -0.430      +0.163      -0.424
  GLN     72       5         .      +0.313     +0.266      +0.004      +0.203
  GLU     72       5         .      +0.288     +0.257      -0.010      +0.188
  LYS     72       5         .      +0.371     +0.565      -0.059      +0.216
  MET     75       4         .      +0.434     +0.426      +0.011      +0.217
  HIS     81       6         .      +0.508     +0.230      -0.103      +0.235
  PHE     91       7         .      +0.561     +0.817      -0.171      +0.293
  ARG    100       7         .      +0.387     +0.566      -0.056      +0.180
  TYR    107       8         .      +0.507     +0.847      -0.155      +0.348
  TRP    130      10         .      +0.604     +0.829      -0.108      +0.391

==============================================================================
α-region Δ vs sidechain size — Pearson r (p-value)
==============================================================================
  angle                     vs sc_mass           vs sc_n_heavy
  ------------------------------------------------------------
  τ (N-Cα-C)      r=-0.087 (p=7.30e-01)   r=-0.067 (p=7.93e-01)
  ω (peptide)     r=+0.268 (p=2.82e-01)   r=+0.291 (p=2.41e-01)
  ∠N-Cα-Cβ        r=-0.094 (p=7.11e-01)   r=-0.135 (p=5.93e-01)
  ∠C-Cα-Cβ        r=-0.020 (p=9.36e-01)   r=+0.014 (p=9.56e-01)

Generating paper2_pisces_rerun/figures/03_sidechain_scatter.png ...
Figure saved: paper2_pisces_rerun/figures/03_sidechain_scatter.png
