Loading chain_audit_features_pisces_consistent.csv ...
  1,636,322 total rows
  tau_deg               : 1,636,322 residues
  omega_measured_deg    : 1,636,262 residues
  angle_N_CA_CB         : 1,517,682 residues
  angle_C_CA_CB         : 1,517,682 residues

========================================================================================
CLASS-STRATIFIED Δ per angle × basin
========================================================================================

  τ (N-Cα-C) (circular=False):
    basin               G             A             U             B            Ar    t(B vs U)   t(Ar vs U)
    α       -0.384±0.012  +0.310±0.005  +0.395±0.003  +0.867±0.005  +0.541±0.006  t= +88.2 (p=0.0e+00)  t= +22.7 (p=2.3e-113)
    β       -2.424±0.033  -1.776±0.016  -1.889±0.006  -1.314±0.006  -1.424±0.009  t= +69.3 (p=0.0e+00)  t= +42.1 (p=0.0e+00)
    PPII    -1.480±0.033  -0.704±0.017  -0.937±0.008  -0.571±0.013  -0.728±0.015  t= +24.6 (p=5.5e-133)  t= +12.3 (p=2.0e-34)
    αL      +0.901±0.022  +0.987±0.048  +0.987±0.012  +1.374±0.118  +1.381±0.033  t=  +3.3 (p=1.2e-03)  t= +11.1 (p=3.3e-28)

  ω (peptide) (circular=True):
    basin               G             A             U             B            Ar    t(B vs U)   t(Ar vs U)
    α       -1.166±0.026  +0.482±0.013  +0.287±0.007  +0.525±0.013  +0.723±0.017  t= +16.5 (p=7.2e-61)  t= +23.7 (p=7.9e-124)
    β       -1.901±0.122  -1.685±0.105  -1.362±0.039  -1.104±0.034  -2.089±0.073  t=  +4.8 (p=1.5e-06)  t=  -9.1 (p=1.1e-19)
    PPII    -1.461±0.203  -2.645±0.156  -1.559±0.059  -0.506±0.069  -1.816±0.143  t= +12.5 (p=1.0e-35)  t=  -2.3 (p=2.4e-02)
    αL      +0.693±0.070  -0.311±0.157  -1.105±0.055  -0.437±0.383  -1.123±0.140  t=  +2.0 (p=4.2e-02)  t=  -0.0 (p=9.7e-01)

  ∠N-Cα-Cβ (circular=False):
    basin               G             A             U             B            Ar    t(B vs U)   t(Ar vs U)
    α                n=0  +0.011±0.003  +0.010±0.002  -0.305±0.004  -0.144±0.006  t= -69.1 (p=0.0e+00)  t= -26.3 (p=2.7e-151)
    β                n=0  +0.338±0.008  +0.111±0.004  +0.218±0.004  +0.130±0.006  t= +19.9 (p=4.3e-88)  t=  +2.7 (p=7.2e-03)
    PPII             n=0  -0.116±0.008  -0.153±0.005  -0.344±0.009  -0.127±0.011  t= -18.3 (p=8.8e-75)  t=  +2.2 (p=2.8e-02)
    αL               n=0  +0.508±0.029  +0.433±0.009  +0.984±0.085  +0.620±0.023  t=  +6.4 (p=4.7e-10)  t=  +7.6 (p=3.4e-14)

  ∠C-Cα-Cβ (circular=False):
    basin               G             A             U             B            Ar    t(B vs U)   t(Ar vs U)
    α                n=0  +0.179±0.003  +0.162±0.003  +0.612±0.005  +0.315±0.006  t= +82.7 (p=0.0e+00)  t= +23.6 (p=7.6e-123)
    β                n=0  -0.253±0.008  -0.418±0.004  -0.404±0.005  -0.677±0.008  t=  +2.2 (p=2.8e-02)  t= -27.6 (p=2.7e-167)
    PPII             n=0  -0.409±0.009  -0.444±0.006  -0.080±0.011  -0.591±0.013  t= +29.9 (p=5.1e-194)  t=  -9.9 (p=6.4e-23)
    αL               n=0  +0.831±0.027  +0.790±0.011  +1.548±0.105  +0.989±0.028  t=  +7.2 (p=5.2e-12)  t=  +6.7 (p=3.3e-11)

Figure saved: paper2_pisces_rerun/figures/04_class_bars.png

========================================================================================
χ1 ROTAMER EFFECT  —  Δ per basin × rotamer well
========================================================================================
(pooled over all residues with valid χ1; proline and GLY/ALA excluded)

  τ (N-Cα-C):
    basin              g⁻ Δ          trans Δ             g⁺ Δ    g⁻ vs g⁺ t
    α          +0.548±0.003     +0.322±0.003     +1.245±0.009    t= -71.1 (p=0.0e+00)
    β          -1.447±0.005     -2.000±0.006     -0.869±0.012    t= -44.8 (p=0.0e+00)
    PPII       -0.782±0.008     -0.997±0.010     -0.416±0.020    t= -16.8 (p=5.8e-63)
    αL         +1.137±0.013     +0.567±0.027     +2.001±0.159    t=  -5.4 (p=2.1e-07)

  ω (peptide):
    basin              g⁻ Δ          trans Δ             g⁺ Δ    g⁻ vs g⁺ t
    α          +0.030±0.008     +0.918±0.009     +0.312±0.023    t= -11.3 (p=2.1e-29)
    β          -1.854±0.035     -0.638±0.042     -1.760±0.074    t=  -3.1 (p=1.8e-03)
    PPII       -1.733±0.065     -0.886±0.069     -1.061±0.159    t=  -4.4 (p=8.8e-06)
    αL         -1.172±0.057     -0.758±0.097     -1.131±1.054    t=  +0.8 (p=4.5e-01)

  ∠N-Cα-Cβ:
    basin              g⁻ Δ          trans Δ             g⁺ Δ    g⁻ vs g⁺ t
    α          +0.075±0.002     -0.410±0.003     +0.612±0.007    t= -71.0 (p=0.0e+00)
    β          +0.234±0.003     -0.179±0.004     +0.997±0.008    t= -88.5 (p=0.0e+00)
    PPII       -0.011±0.005     -0.639±0.007     +0.449±0.013    t= -32.1 (p=5.5e-217)
    αL         +0.482±0.009     +0.332±0.021     +1.578±0.111    t=  -9.8 (p=1.2e-18)

  ∠C-Cα-Cβ:
    basin              g⁻ Δ          trans Δ             g⁺ Δ    g⁻ vs g⁺ t
    α          +0.088±0.003     +0.455±0.003     +0.740±0.009    t= -69.8 (p=0.0e+00)
    β          -0.874±0.004     -0.066±0.004     +0.326±0.010    t=-108.8 (p=0.0e+00)
    PPII       -0.670±0.007     -0.124±0.007     +0.269±0.017    t= -50.2 (p=0.0e+00)
    αL         +0.833±0.011     +0.759±0.021     +1.927±0.137    t=  -7.9 (p=2.0e-13)
Figure saved: paper2_pisces_rerun/figures/04_rotamer_bars.png

========================================================================================
INTERPRETATION GUIDE
========================================================================================
  Class analysis:
   • If B (branched) bar differs significantly from U (unbranched)
     in most basins → β-branching is a major modulator.
   • If Ar bar differs too → aromatic sidechains act similarly.
   • If G bar (GLY, no Cβ) is flat → Cβ is necessary for the effect.

  Rotamer analysis:
   • If g⁻, trans, g⁺ bars differ significantly within a basin
     → the sidechain is mechanically transmitting force through Cα.
   • If bars are identical → sidechain orientation doesn't matter,
     so the 'lever' story is too simple.
