Loading chain_audit_features_pisces_consistent.csv ...
  1,636,322 total rows
  sampled to 100,000 rows (seed=42)
  local features used: 11

================================================================================
LOCAL MODEL: τ (N-Cα-C)
================================================================================
    fitting GBR on 70,000 training rows ...
  Test set R²:   0.4966
  Test set RMSE: 1.7194°
  Residual std:  1.7135°  (full sample)
  Top 5 local features by importance:
    psi_deg               0.7856
    phi_deg               0.0887
    sc_mass               0.0544
    chi1_rad              0.0199
    sc_n_heavy            0.0182

  Residuals correlated with non-local features:
    feature                       r  effect(SD)           p         n
    ----------------------------------------------------------------------
    steric_C_5A              -0.035       0.093     6.8e-28   100,000  ***
    sc_contact_np1_to_bb     +0.025       0.085     4.3e-15   100,000  **
    steric_N_5A              -0.022       0.063     5.3e-12   100,000  **
    steric_O_5A              -0.017       0.061     9.3e-08   100,000  **
    hb_n_bonds               -0.016       0.039     4.9e-07   100,000  **
    steric_CA_5A             +0.012       0.033     1.8e-04   100,000  *
    hb_best_e                +0.007       0.030     2.4e-02   100,000  
    sc_contact_nm1_to_bb     -0.005       0.036     9.4e-02   100,000  
    steric_asym_y            +0.005       0.020     1.4e-01   100,000  
    hb_mean_d_HO             -0.004       0.050     1.6e-01   100,000  
    bfactor_ca               +0.004       0.010     1.8e-01   100,000  
    hb_n_strong              -0.003       0.100     2.9e-01   100,000  
    steric_asym_x            +0.002       0.015     5.1e-01   100,000  
    steric_asym_z            -0.001       0.017     6.5e-01   100,000  
    hb_best_d_HO             -0.000       0.040     9.9e-01   100,000  

  [ω filter] kept 99,742/100,000 trans peptides (|ω| > 150°)
  [ω transform] predicting omega_dev = 180 − |ω| to avoid circular wrap
  [ω range after transform] min=0.00, max=29.98, mean=4.17°

================================================================================
LOCAL MODEL: ω (peptide)
================================================================================
    fitting GBR on 69,819 training rows ...
  Test set R²:   0.1151
  Test set RMSE: 3.5074°
  Residual std:  3.4804°  (full sample)
  Top 5 local features by importance:
    phi_deg               0.5772
    psi_deg               0.3053
    chi1_rad              0.0367
    chi2_rad              0.0317
    sc_mass               0.0226

  Residuals correlated with non-local features:
    feature                       r  effect(SD)           p         n
    ----------------------------------------------------------------------
    steric_CA_5A             +0.041       0.114     1.0e-37    99,742  ***
    bfactor_ca               -0.040       0.110     9.1e-36    99,742  ***
    sc_contact_np1_to_bb     +0.031       0.109     1.9e-22    99,742  ***
    steric_C_5A              +0.021       0.052     1.8e-11    99,742  **
    steric_N_5A              +0.020       0.063     2.0e-10    99,742  **
    steric_O_5A              +0.015       0.043     1.2e-06    99,742  **
    hb_mean_d_HO             +0.015       0.038     2.0e-06    99,742  **
    hb_best_d_HO             +0.013       0.049     4.5e-05    99,742  *
    hb_n_bonds               +0.009       0.040     5.0e-03    99,742  *
    hb_n_strong              +0.008       0.087     1.0e-02    99,742  
    sc_contact_nm1_to_bb     -0.007       0.026     2.1e-02    99,742  
    steric_asym_y            -0.004       0.073     2.6e-01    99,742  
    steric_asym_x            -0.002       0.051     5.6e-01    99,742  
    steric_asym_z            -0.002       0.050     6.1e-01    99,742  
    hb_best_e                -0.001       0.025     8.1e-01    99,742  

================================================================================
LOCAL MODEL: ∠N-Cα-Cβ
================================================================================
    fitting GBR on 64,846 training rows ...
  Test set R²:   0.6689
  Test set RMSE: 1.1882°
  Residual std:  1.1549°  (full sample)
  Top 5 local features by importance:
    sc_mass               0.6603
    sc_n_heavy            0.2193
    chi1_rad              0.0418
    sc_is_branched        0.0333
    phi_deg               0.0208

  Residuals correlated with non-local features:
    feature                       r  effect(SD)           p         n
    ----------------------------------------------------------------------
    steric_C_5A              +0.038       0.100     2.5e-31    92,638  ***
    steric_O_5A              +0.034       0.089     1.6e-25    92,638  ***
    steric_N_5A              +0.031       0.085     7.6e-21    92,638  ***
    steric_CA_5A             +0.027       0.062     6.2e-16    92,638  **
    hb_best_e                -0.025       0.065     2.6e-14    92,638  **
    hb_n_bonds               +0.024       0.052     1.1e-13    92,638  **
    hb_n_strong              +0.017       0.049     2.8e-07    92,638  **
    hb_mean_d_HO             +0.015       0.021     3.8e-06    92,638  **
    bfactor_ca               +0.010       0.034     1.4e-03    92,638  *
    sc_contact_np1_to_bb     -0.010       0.045     2.8e-03    92,638  *
    hb_best_d_HO             +0.009       0.066     5.4e-03    92,638  *
    sc_contact_nm1_to_bb     +0.006       0.019     6.1e-02    92,638  
    steric_asym_y            +0.005       0.024     1.5e-01    92,638  
    steric_asym_x            +0.001       0.013     7.8e-01    92,638  
    steric_asym_z            -0.000       0.025     1.0e+00    92,638  

================================================================================
LOCAL MODEL: ∠C-Cα-Cβ
================================================================================
    fitting GBR on 64,846 training rows ...
  Test set R²:   0.2210
  Test set RMSE: 1.4499°
  Residual std:  1.4423°  (full sample)
  Top 5 local features by importance:
    psi_deg               0.3762
    chi1_rad              0.2252
    phi_deg               0.1184
    sc_is_branched        0.0873
    res_type              0.0779

  Residuals correlated with non-local features:
    feature                       r  effect(SD)           p         n
    ----------------------------------------------------------------------
    steric_C_5A              +0.030       0.085     9.8e-20    92,638  **
    steric_O_5A              +0.025       0.064     1.3e-14    92,638  **
    bfactor_ca               -0.024       0.072     2.6e-13    92,638  **
    steric_N_5A              +0.019       0.079     1.0e-08    92,638  **
    hb_n_bonds               +0.016       0.057     8.1e-07    92,638  **
    hb_best_e                -0.016       0.056     1.2e-06    92,638  **
    sc_contact_np1_to_bb     -0.015       0.066     5.4e-06    92,638  **
    hb_n_strong              +0.015       0.057     9.4e-06    92,638  **
    steric_CA_5A             +0.011       0.030     4.8e-04    92,638  *
    hb_mean_d_HO             +0.005       0.044     9.8e-02    92,638  
    sc_contact_nm1_to_bb     +0.004       0.018     2.2e-01    92,638  
    hb_best_d_HO             +0.003       0.057     4.0e-01    92,638  
    steric_asym_z            +0.001       0.008     6.9e-01    92,638  
    steric_asym_y            -0.001       0.006     7.4e-01    92,638  
    steric_asym_x            +0.001       0.012     8.4e-01    92,638  

Generating paper2_pisces_rerun/figures/07_residual_regression.png ...
Figure saved: paper2_pisces_rerun/figures/07_residual_regression.png

================================================================================
VERDICT
(thresholds: local R² > 0.3 = 'explained'; max effect size > 0.08
 SD = 'real non-local channel detected')
================================================================================
  τ (N-Cα-C)        TWO-CHANNEL: local R² = 0.50, plus non-local via hb_n_strong (effect=+0.100 SD, r=-0.003)
  ω (peptide)       WEAK: local R² = 0.12, max effect = 0.114 SD. Intrinsic noise dominates.
  ∠N-Cα-Cβ          TWO-CHANNEL: local R² = 0.67, plus non-local via steric_C_5A (effect=+0.100 SD, r=+0.038)
  ∠C-Cα-Cβ          WEAK: local R² = 0.22, max effect = 0.085 SD. Intrinsic noise dominates.
