Loading chain_audit_features_pisces_consistent.csv ...
  1,636,322 rows
Loading resolutions.csv ...
  8,292 rows, columns: ['pdb_id', 'resolution']

Joining on features['pdb_id'] == resolutions['pdb_id'], resolution column = 'resolution'
  matched resolution for 1,636,322/1,636,322 rows (100.0%)

====================================================================================================
Delta per canonical region, at each resolution cutoff (<=X Angstrom)
====================================================================================================

  tau (N-Ca-C):
     cutoff    n_pdb             alpha              beta              PPII            alphaL
       3.5A    7,938    +0.480+/-0.002    -1.620+/-0.004    -0.880+/-0.005    +1.009+/-0.010  
       3.0A    7,938    +0.480+/-0.002    -1.620+/-0.004    -0.880+/-0.005    +1.009+/-0.010  
       2.5A    7,938    +0.480+/-0.002    -1.620+/-0.004    -0.880+/-0.005    +1.009+/-0.010  
       2.0A    7,935    +0.480+/-0.002    -1.620+/-0.004    -0.880+/-0.005    +1.009+/-0.010  
       1.8A    6,280    +0.465+/-0.002    -1.638+/-0.004    -0.867+/-0.005    +0.982+/-0.011  
       1.5A    3,482    +0.460+/-0.003    -1.656+/-0.005    -0.838+/-0.007    +0.950+/-0.013  
       1.2A    1,136    +0.499+/-0.005    -1.697+/-0.008    -0.822+/-0.011    +0.877+/-0.021  
       1.0A      324    +0.506+/-0.010    -1.797+/-0.016    -0.895+/-0.020    +0.803+/-0.040  

  omega (peptide):
     cutoff    n_pdb             alpha              beta              PPII            alphaL
       3.5A    7,938    +0.365+/-0.005    -1.417+/-0.024    -1.630+/-0.039    -0.667+/-0.041  
       3.0A    7,938    +0.365+/-0.005    -1.417+/-0.024    -1.630+/-0.039    -0.667+/-0.041  
       2.5A    7,938    +0.365+/-0.005    -1.417+/-0.024    -1.630+/-0.039    -0.667+/-0.041  
       2.0A    7,935    +0.365+/-0.005    -1.417+/-0.024    -1.630+/-0.039    -0.667+/-0.041  
       1.8A    6,280    +0.425+/-0.006    -1.489+/-0.027    -1.684+/-0.043    -0.677+/-0.044  
       1.5A    3,482    +0.486+/-0.008    -1.620+/-0.037    -1.821+/-0.056    -0.658+/-0.058  
       1.2A    1,136    +0.542+/-0.015    -1.777+/-0.069    -2.030+/-0.103    -0.598+/-0.113  
       1.0A      324    +0.710+/-0.032    -1.921+/-0.137    -2.281+/-0.202    -0.680+/-0.268  

  angle N-Ca-Cb:
     cutoff    n_pdb             alpha              beta              PPII            alphaL
       3.5A    7,938    -0.058+/-0.002    +0.162+/-0.002    -0.125+/-0.003    +0.466+/-0.008  
       3.0A    7,938    -0.058+/-0.002    +0.162+/-0.002    -0.125+/-0.003    +0.466+/-0.008  
       2.5A    7,938    -0.058+/-0.002    +0.162+/-0.002    -0.125+/-0.003    +0.466+/-0.008  
       2.0A    7,935    -0.057+/-0.002    +0.162+/-0.002    -0.125+/-0.003    +0.466+/-0.008  
       1.8A    6,280    -0.088+/-0.002    +0.156+/-0.003    -0.157+/-0.004    +0.523+/-0.009  
       1.5A    3,482    -0.151+/-0.002    +0.118+/-0.004    -0.250+/-0.005    +0.720+/-0.012  
       1.2A    1,136    -0.249+/-0.005    +0.134+/-0.007    -0.352+/-0.009    +0.949+/-0.022  
       1.0A      324    -0.305+/-0.010    +0.221+/-0.014    -0.417+/-0.019    +1.193+/-0.047  

  angle C-Ca-Cb:
     cutoff    n_pdb             alpha              beta              PPII            alphaL
       3.5A    7,938    +0.266+/-0.002    -0.447+/-0.003    -0.380+/-0.004    +0.825+/-0.009  
       3.0A    7,938    +0.266+/-0.002    -0.447+/-0.003    -0.380+/-0.004    +0.825+/-0.009  
       2.5A    7,938    +0.266+/-0.002    -0.447+/-0.003    -0.380+/-0.004    +0.825+/-0.009  
       2.0A    7,935    +0.266+/-0.002    -0.447+/-0.003    -0.380+/-0.004    +0.825+/-0.009  
       1.8A    6,280    +0.309+/-0.002    -0.453+/-0.003    -0.393+/-0.004    +0.902+/-0.010  
       1.5A    3,482    +0.408+/-0.003    -0.432+/-0.004    -0.408+/-0.006    +1.093+/-0.013  
       1.2A    1,136    +0.525+/-0.005    -0.358+/-0.008    -0.373+/-0.011    +1.221+/-0.024  
       1.0A      324    +0.604+/-0.012    -0.322+/-0.016    -0.368+/-0.022    +1.271+/-0.050  

====================================================================================================
ROBUSTNESS VERDICT (comparing loosest vs strictest cutoff with n >= min_n)
====================================================================================================
  tau (N-Ca-C)     alpha   : <= 3.5A (n=599,545) Delta=+0.480  ->  <= 1.0A (n=18,056) Delta=+0.506  (+5%)   [ROBUST (stable magnitude)]
  tau (N-Ca-C)     beta    : <= 3.5A (n=331,180) Delta=-1.620  ->  <= 1.0A (n=12,838) Delta=-1.797  (+11%)   [ROBUST (stable magnitude)]
  tau (N-Ca-C)     PPII    : <= 3.5A (n=141,240) Delta=-0.880  ->  <= 1.0A (n=5,987) Delta=-0.895  (+2%)   [ROBUST (stable magnitude)]
  tau (N-Ca-C)     alphaL  : <= 3.5A (n=32,212) Delta=+1.009  ->  <= 1.0A (n=1,413) Delta=+0.803  (-20%)   [ROBUST (stable magnitude)]
  omega (peptide)  alpha   : <= 3.5A (n=599,536) Delta=+0.365  ->  <= 1.0A (n=18,054) Delta=+0.710  (+94%)   [STRENGTHENED at high resolution]
  omega (peptide)  beta    : <= 3.5A (n=331,177) Delta=-1.417  ->  <= 1.0A (n=12,836) Delta=-1.921  (+36%)   [ROBUST (stable magnitude)]
  omega (peptide)  PPII    : <= 3.5A (n=141,227) Delta=-1.630  ->  <= 1.0A (n=5,986) Delta=-2.281  (+40%)   [ROBUST (stable magnitude)]
  omega (peptide)  alphaL  : <= 3.5A (n=32,210) Delta=-0.667  ->  <= 1.0A (n=1,413) Delta=-0.680  (+2%)   [ROBUST (stable magnitude)]
  angle N-Ca-Cb    alpha   : <= 3.5A (n=579,535) Delta=-0.058  ->  <= 1.0A (n=17,399) Delta=-0.305  (+430%)   [STRENGTHENED at high resolution]
  angle N-Ca-Cb    beta    : <= 3.5A (n=326,252) Delta=+0.162  ->  <= 1.0A (n=12,673) Delta=+0.221  (+36%)   [ROBUST (stable magnitude)]
  angle N-Ca-Cb    PPII    : <= 3.5A (n=137,610) Delta=-0.125  ->  <= 1.0A (n=5,787) Delta=-0.417  (+233%)   [STRENGTHENED at high resolution]
  angle N-Ca-Cb    alphaL  : <= 3.5A (n=25,037) Delta=+0.466  ->  <= 1.0A (n=1,130) Delta=+1.193  (+156%)   [STRENGTHENED at high resolution]
  angle C-Ca-Cb    alpha   : <= 3.5A (n=579,535) Delta=+0.266  ->  <= 1.0A (n=17,399) Delta=+0.604  (+127%)   [STRENGTHENED at high resolution]
  angle C-Ca-Cb    beta    : <= 3.5A (n=326,252) Delta=-0.447  ->  <= 1.0A (n=12,673) Delta=-0.322  (-28%)   [ROBUST (stable magnitude)]
  angle C-Ca-Cb    PPII    : <= 3.5A (n=137,610) Delta=-0.380  ->  <= 1.0A (n=5,787) Delta=-0.368  (-3%)   [ROBUST (stable magnitude)]
  angle C-Ca-Cb    alphaL  : <= 3.5A (n=25,037) Delta=+0.825  ->  <= 1.0A (n=1,130) Delta=+1.271  (+54%)   [STRENGTHENED at high resolution]

Generating paper2_pisces_rerun/figures/08_resolution.png ...
Figure saved: paper2_pisces_rerun/figures/08_resolution.png
