Loaded 376 usable rows from deliverables/paper2_remaining_checks/relax_results_final_pisces.csv

Fitted baseline: d_tau_predicted = 0.420 * (111.10 - tau_pre) + (+0.605)
  (target tau0 = 111.10 deg, slope = 0.420, intercept = +0.605, r = 0.482)
  Interpretation: 42% of the gap between each residue's crystal tau and 111.1 deg closes during relaxation, regardless of basin -- that's the artifact this analysis removes.

====================================================================================================
klass basin      n         raw d_tau          residual    xtal Δτ   raw sign   resid sign
----------------------------------------------------------------------------------------------------
ALA   PPII      10   +1.101±0.405   +0.092±0.263    -0.704       MISS         MISS
ALA   alpha     13   +1.512±0.342   +0.950±0.229    +0.310      match        match
ALA   alphaL     8   +1.075±0.393   +1.147±0.317    +0.987      match        match
ALA   beta      11   +0.848±0.303   -0.182±0.281    -1.776       MISS        match
GLY   PPII      10   +0.507±0.645   +0.174±0.349      +nan                        
GLY   alphaL    15   +0.005±0.401   +0.645±0.246      +nan                        
GLY   beta       7   +0.090±0.662   -0.201±0.447      +nan                        
HIS   PPII      12   +1.344±0.472   +0.011±0.286    -0.997       MISS         MISS
HIS   alpha      9   +0.759±0.235   +0.537±0.222    +0.508      match        match
HIS   alphaL     7   +1.391±0.710   +0.888±0.479    +1.234      match        match
HIS   beta       9   +0.239±0.354   -1.156±0.319    -1.778       MISS        match
ILE   PPII      12   +0.360±0.290   -1.203±0.303    -0.610       MISS        match
ILE   alpha     10   +0.258±0.272   -0.400±0.205    +0.917      match         MISS
ILE   alphaL     9   +0.638±0.621   +0.061±0.407    +1.491      match        match
ILE   beta       8   +0.022±0.431   -1.072±0.229    -1.444       MISS        match
LEU   PPII      10   +0.099±0.465   -0.962±0.375    -0.824       MISS        match
LEU   alpha      9   +0.250±0.268   -0.045±0.170    +0.447      match         MISS
LEU   alphaL    11   +1.096±0.330   +0.907±0.212    +1.075      match        match
LEU   beta      13   -0.693±0.854   -1.659±0.521    -1.876      match        match
PHE   PPII       7   +0.889±0.349   -0.413±0.312    -0.645       MISS        match
PHE   alpha     11   +0.772±0.145   +0.354±0.116    +0.561      match        match
PHE   alphaL    11   +2.587±0.754   +1.613±0.391    +1.619      match        match
PHE   beta      11   +2.775±2.130   +1.389±2.152    -1.354       MISS         MISS
THR   PPII      10   -0.108±0.226   -1.011±0.207    -0.715      match        match
THR   alpha      7   +0.219±0.685   -0.087±0.348    +0.552      match         MISS
THR   alphaL     8   +0.289±0.411   +0.194±0.310    +1.632      match        match
THR   beta       5   +1.216±0.237   -0.398±0.397    -1.411       MISS        match
TRP   PPII       8   +0.425±0.409   -0.695±0.276    -0.713       MISS        match
TRP   alpha      9   +1.337±0.389   +1.003±0.271    +0.604      match        match
TRP   alphaL     8   +2.044±0.427   +1.472±0.316    +1.356      match        match
TRP   beta      11   +0.571±0.331   -0.406±0.264    -1.506       MISS        match
TYR   PPII      11   +0.429±0.487   -0.559±0.325    -0.647       MISS        match
TYR   alpha      5   +2.734±1.092   +1.546±0.801    +0.507      match        match
TYR   alphaL     9   +0.534±0.809   +0.724±0.483    +1.387      match        match
TYR   beta      11   -0.516±0.528   -1.501±0.332    -1.308      match        match
VAL   PPII       8   -0.130±0.528   -1.593±0.374    -0.442      match        match
VAL   alpha      8   +0.858±0.370   +0.200±0.353    +1.028      match        match
VAL   alphaL    14   +0.978±0.439   +0.161±0.195    +1.040      match        match
VAL   beta       7   +1.167±0.404   -0.491±0.435    -1.170       MISS        match
----------------------------------------------------------------------------------------------------

Sign agreement vs crystallographic direction:
  Using RAW d_tau:  22/36 (61%)
  Using RESIDUAL:   30/36 (83%)

  -> Removing the fixed-equilibrium regression artifact IMPROVED agreement.
     There is real basin-dependent signal underneath it.
